main.cpp:608:13:void MX_GPIO_Init()	72	static
main.cpp:586:13:void MX_DMA_Init()	16	static
main.cpp:662:6:void HAL_SYSTICK_Callback()	0	static
main.cpp:667:6:void welcome()	8	static
main.cpp:677:6:void button_check()	8	static
main.cpp:717:6:void HAL_GPIO_EXTI_Callback(uint16_t)	8	static
main.cpp:729:6:void Error_Handler()	0	static,ignoring_inline_asm
main.cpp:330:13:void MX_I2C1_Init()	8	static
main.cpp:295:13:void MX_DAC_Init()	16	static
main.cpp:361:13:void MX_TIM1_Init()	56	static
main.cpp:408:13:void MX_TIM2_Init()	64	static
main.cpp:464:13:void MX_TIM3_Init()	32	static
main.cpp:506:13:void MX_TIM6_Init()	16	static
main.cpp:541:13:void MX_TIM8_Init()	56	static
main.cpp:236:13:void MX_ADC3_Init()	24	static
main.cpp:189:6:void SystemClock_Config()	88	static
main.cpp:114:5:int main()	16	static
