stm32f4xx_it.c:73:6:NMI_Handler	8	static
stm32f4xx_it.c:88:6:HardFault_Handler	0	static
stm32f4xx_it.c:102:6:MemManage_Handler	0	static
stm32f4xx_it.c:117:6:BusFault_Handler	0	static
stm32f4xx_it.c:132:6:UsageFault_Handler	0	static
stm32f4xx_it.c:147:6:SVC_Handler	0	static
stm32f4xx_it.c:160:6:DebugMon_Handler	0	static
stm32f4xx_it.c:173:6:PendSV_Handler	0	static
stm32f4xx_it.c:186:6:SysTick_Handler	8	static
stm32f4xx_it.c:207:6:DMA1_Stream5_IRQHandler	8	static
stm32f4xx_it.c:221:6:EXTI9_5_IRQHandler	8	static
stm32f4xx_it.c:235:6:TIM3_IRQHandler	8	static
stm32f4xx_it.c:249:6:I2C1_EV_IRQHandler	8	static
stm32f4xx_it.c:262:6:I2C1_ER_IRQHandler	8	static
stm32f4xx_it.c:276:6:EXTI15_10_IRQHandler	8	static
stm32f4xx_it.c:290:6:DMA2_Stream0_IRQHandler	8	static
