stm32f4xx_hal_msp.c:69:6:HAL_MspInit	16	static
stm32f4xx_hal_msp.c:93:6:HAL_ADC_MspInit	48	static
stm32f4xx_hal_msp.c:147:6:HAL_ADC_MspDeInit	8	static
stm32f4xx_hal_msp.c:179:6:HAL_DAC_MspInit	48	static
stm32f4xx_hal_msp.c:234:6:HAL_DAC_MspDeInit	8	static
stm32f4xx_hal_msp.c:264:6:HAL_I2C_MspInit	48	static
stm32f4xx_hal_msp.c:305:6:HAL_I2C_MspDeInit	8	static
stm32f4xx_hal_msp.c:339:6:HAL_TIM_Encoder_MspInit	48	static
stm32f4xx_hal_msp.c:399:6:HAL_TIM_Base_MspInit	24	static
stm32f4xx_hal_msp.c:440:6:HAL_TIM_MspPostInit	32	static
stm32f4xx_hal_msp.c:472:6:HAL_TIM_Encoder_MspDeInit	8	static
stm32f4xx_hal_msp.c:519:6:HAL_TIM_Base_MspDeInit	8	static
